       age        